ERC report (2026-06-29T12:22:37, Encoding UTF8)
Report includes: Errors, Warnings, Exclusions

***** Sheet /
[pin_not_connected]: Pin not connected
    ; error
    @(1375 mils, 2850 mils): Symbol J1 Pin 3 [Pin_3, Passive, Line]
[pin_not_connected]: Pin not connected
    ; error
    @(1375 mils, 2950 mils): Symbol J1 Pin 4 [Pin_4, Passive, Line]
[wire_dangling]: Wires not connected to anything
    ; error
    @(2265 mils, 7674 mils): Horizontal Wire, length 1475 mils
[wire_dangling]: Wires not connected to anything
    ; error
    @(2265 mils, 8658 mils): Horizontal Wire, length 1475 mils
[wire_dangling]: Wires not connected to anything
    ; error
    @(2265 mils, 9643 mils): Horizontal Wire, length 1475 mils
[wire_dangling]: Wires not connected to anything
    ; error
    @(2265 mils, 10627 mils): Horizontal Wire, length 1475 mils
[wire_dangling]: Wires not connected to anything
    ; error
    @(2265 mils, 11611 mils): Horizontal Wire, length 1475 mils
[pin_not_connected]: Pin not connected
    ; error
    @(2953 mils, 7724 mils): Symbol R9 Pin 1 [Passive, Line]
[pin_not_connected]: Pin not connected
    ; error
    @(2953 mils, 8708 mils): Symbol R10 Pin 1 [Passive, Line]
[pin_not_connected]: Pin not connected
    ; error
    @(2953 mils, 9693 mils): Symbol R11 Pin 1 [Passive, Line]
[pin_not_connected]: Pin not connected
    ; error
    @(2953 mils, 10677 mils): Symbol R12 Pin 1 [Passive, Line]
[pin_not_connected]: Pin not connected
    ; error
    @(2953 mils, 11661 mils): Symbol R13 Pin 1 [Passive, Line]
[pin_not_connected]: Pin not connected
    ; error
    @(2953 mils, 12645 mils): Symbol R14 Pin 1 [Passive, Line]
[label_dangling]: Label not connected
    ; error
    @(3240 mils, 6299 mils): Label 'ROW1'
[label_dangling]: Label not connected
    ; error
    @(3240 mils, 6890 mils): Label 'ROW2'
[label_dangling]: Label not connected
    ; error
    @(3240 mils, 7480 mils): Label 'ROW3'
[label_dangling]: Label not connected
    ; error
    @(3240 mils, 8071 mils): Label 'ROW4'
[label_dangling]: Label not connected
    ; error
    @(3240 mils, 8661 mils): Label 'ROW5'
[label_dangling]: Label not connected
    ; error
    @(3240 mils, 9252 mils): Label 'ROW6'
[label_dangling]: Label not connected
    ; error
    @(3637 mils, 2212 mils): Label 'LATCH'
[wire_dangling]: Wires not connected to anything
    ; error
    @(3637 mils, 2762 mils): Horizontal Wire, length 2262 mils
[power_pin_not_driven]: Input Power pin not driven by any Output Power pins
    ; error
    @(4724 mils, 1575 mils): Symbol #PWR01 Pin 1 [Power input, Line]
[power_pin_not_driven]: Input Power pin not driven by any Output Power pins
    ; error
    @(4724 mils, 2165 mils): Symbol #PWR02 Pin 1 [Power input, Line]
[pin_not_connected]: Pin not connected
    ; error
    @(5899 mils, 1962 mils): Symbol U1 Pin 14 [SER, Input, Line]
[pin_not_driven]: Input pin not driven by any Output pins
    ; error
    @(5899 mils, 1962 mils): Symbol U1 Pin 14 [SER, Input, Line]
[pin_not_connected]: Pin not connected
    ; error
    @(5899 mils, 2562 mils): Symbol U1 Pin 13 [~{OE}, Input, Line]
[pin_not_driven]: Input pin not driven by any Output pins
    ; error
    @(5899 mils, 2562 mils): Symbol U1 Pin 13 [~{OE}, Input, Line]
[pin_not_connected]: Pin not connected
    ; error
    @(6299 mils, 1762 mils): Symbol U1 Pin 16 [VCC, Power input, Line]
[power_pin_not_driven]: Input Power pin not driven by any Output Power pins
    ; error
    @(6299 mils, 1762 mils): Symbol U1 Pin 16 [VCC, Power input, Line]
[pin_not_connected]: Pin not connected
    ; error
    @(6299 mils, 3062 mils): Symbol U1 Pin 8 [GND, Power input, Line]
[power_pin_not_driven]: Input Power pin not driven by any Output Power pins
    ; error
    @(6299 mils, 3062 mils): Symbol U1 Pin 8 [GND, Power input, Line]
[pin_not_connected]: Pin not connected
    ; error
    @(6699 mils, 1962 mils): Symbol U1 Pin 15 [QA, Tri-state, Line]
[pin_not_connected]: Pin not connected
    ; error
    @(6699 mils, 2162 mils): Symbol U1 Pin 2 [QC, Tri-state, Line]
[pin_not_connected]: Pin not connected
    ; error
    @(6699 mils, 2262 mils): Symbol U1 Pin 3 [QD, Tri-state, Line]
[pin_not_connected]: Pin not connected
    ; error
    @(6699 mils, 2362 mils): Symbol U1 Pin 4 [QE, Tri-state, Line]
[pin_not_connected]: Pin not connected
    ; error
    @(6699 mils, 2462 mils): Symbol U1 Pin 5 [QF, Tri-state, Line]
[pin_not_connected]: Pin not connected
    ; error
    @(6699 mils, 2562 mils): Symbol U1 Pin 6 [QG, Tri-state, Line]
[pin_not_connected]: Pin not connected
    ; error
    @(6699 mils, 2662 mils): Symbol U1 Pin 7 [QH, Tri-state, Line]
[pin_not_connected]: Pin not connected
    ; error
    @(6699 mils, 2862 mils): Symbol U1 Pin 9 [QH', Output, Line]
[pin_not_connected]: Pin not connected
    ; error
    @(8118 mils, 3740 mils): Symbol R1 Pin 1 [Passive, Line]
[pin_not_connected]: Pin not connected
    ; error
    @(8118 mils, 6102 mils): Symbol LED1 Pin 1 [K, Passive, Line]
[pin_not_connected]: Pin not connected
    ; error
    @(8118 mils, 6693 mils): Symbol LED9 Pin 1 [K, Passive, Line]
[pin_not_connected]: Pin not connected
    ; error
    @(8118 mils, 7283 mils): Symbol LED17 Pin 1 [K, Passive, Line]
[pin_not_connected]: Pin not connected
    ; error
    @(8118 mils, 7874 mils): Symbol LED25 Pin 1 [K, Passive, Line]
[pin_not_connected]: Pin not connected
    ; error
    @(8118 mils, 8465 mils): Symbol LED33 Pin 1 [K, Passive, Line]
[pin_not_connected]: Pin not connected
    ; error
    @(8118 mils, 9055 mils): Symbol LED41 Pin 1 [K, Passive, Line]
[label_dangling]: Label not connected
    ; error
    @(8268 mils, 5018 mils): Label 'C1'
[pin_not_connected]: Pin not connected
    ; error
    @(8984 mils, 3740 mils): Symbol R2 Pin 1 [Passive, Line]
[pin_not_connected]: Pin not connected
    ; error
    @(8984 mils, 6102 mils): Symbol LED2 Pin 1 [K, Passive, Line]
[pin_not_connected]: Pin not connected
    ; error
    @(8984 mils, 6693 mils): Symbol LED10 Pin 1 [K, Passive, Line]
[pin_not_connected]: Pin not connected
    ; error
    @(8984 mils, 7283 mils): Symbol LED18 Pin 1 [K, Passive, Line]
[pin_not_connected]: Pin not connected
    ; error
    @(8984 mils, 7874 mils): Symbol LED26 Pin 1 [K, Passive, Line]
[pin_not_connected]: Pin not connected
    ; error
    @(8984 mils, 8465 mils): Symbol LED34 Pin 1 [K, Passive, Line]
[pin_not_connected]: Pin not connected
    ; error
    @(8984 mils, 9055 mils): Symbol LED42 Pin 1 [K, Passive, Line]
[label_dangling]: Label not connected
    ; error
    @(9134 mils, 5018 mils): Label 'C2'
[pin_not_connected]: Pin not connected
    ; error
    @(9850 mils, 3740 mils): Symbol R3 Pin 1 [Passive, Line]
[pin_not_connected]: Pin not connected
    ; error
    @(9850 mils, 6102 mils): Symbol LED3 Pin 1 [K, Passive, Line]
[pin_not_connected]: Pin not connected
    ; error
    @(9850 mils, 6693 mils): Symbol LED11 Pin 1 [K, Passive, Line]
[pin_not_connected]: Pin not connected
    ; error
    @(9850 mils, 7283 mils): Symbol LED19 Pin 1 [K, Passive, Line]
[pin_not_connected]: Pin not connected
    ; error
    @(9850 mils, 7874 mils): Symbol LED27 Pin 1 [K, Passive, Line]
[pin_not_connected]: Pin not connected
    ; error
    @(9850 mils, 8465 mils): Symbol LED35 Pin 1 [K, Passive, Line]
[pin_not_connected]: Pin not connected
    ; error
    @(9850 mils, 9055 mils): Symbol LED43 Pin 1 [K, Passive, Line]
[label_dangling]: Label not connected
    ; error
    @(10000 mils, 5018 mils): Label 'C3'
[pin_not_connected]: Pin not connected
    ; error
    @(10716 mils, 3740 mils): Symbol R4 Pin 1 [Passive, Line]
[pin_not_connected]: Pin not connected
    ; error
    @(10716 mils, 6102 mils): Symbol LED4 Pin 1 [K, Passive, Line]
[pin_not_connected]: Pin not connected
    ; error
    @(10716 mils, 6693 mils): Symbol LED12 Pin 1 [K, Passive, Line]
[pin_not_connected]: Pin not connected
    ; error
    @(10716 mils, 7283 mils): Symbol LED20 Pin 1 [K, Passive, Line]
[pin_not_connected]: Pin not connected
    ; error
    @(10716 mils, 7874 mils): Symbol LED28 Pin 1 [K, Passive, Line]
[pin_not_connected]: Pin not connected
    ; error
    @(10716 mils, 8465 mils): Symbol LED36 Pin 1 [K, Passive, Line]
[pin_not_connected]: Pin not connected
    ; error
    @(10716 mils, 9055 mils): Symbol LED44 Pin 1 [K, Passive, Line]
[label_dangling]: Label not connected
    ; error
    @(10866 mils, 5018 mils): Label 'C4'
[pin_not_connected]: Pin not connected
    ; error
    @(11582 mils, 3740 mils): Symbol R5 Pin 1 [Passive, Line]
[pin_not_connected]: Pin not connected
    ; error
    @(11582 mils, 6102 mils): Symbol LED5 Pin 1 [K, Passive, Line]
[pin_not_connected]: Pin not connected
    ; error
    @(11582 mils, 6693 mils): Symbol LED13 Pin 1 [K, Passive, Line]
[pin_not_connected]: Pin not connected
    ; error
    @(11582 mils, 7283 mils): Symbol LED21 Pin 1 [K, Passive, Line]
[pin_not_connected]: Pin not connected
    ; error
    @(11582 mils, 7874 mils): Symbol LED29 Pin 1 [K, Passive, Line]
[pin_not_connected]: Pin not connected
    ; error
    @(11582 mils, 8465 mils): Symbol LED37 Pin 1 [K, Passive, Line]
[pin_not_connected]: Pin not connected
    ; error
    @(11582 mils, 9055 mils): Symbol LED45 Pin 1 [K, Passive, Line]
[label_dangling]: Label not connected
    ; error
    @(11732 mils, 5018 mils): Label 'C5'
[pin_not_connected]: Pin not connected
    ; error
    @(12448 mils, 3740 mils): Symbol R6 Pin 1 [Passive, Line]
[pin_not_connected]: Pin not connected
    ; error
    @(12448 mils, 6102 mils): Symbol LED6 Pin 1 [K, Passive, Line]
[pin_not_connected]: Pin not connected
    ; error
    @(12448 mils, 6693 mils): Symbol LED14 Pin 1 [K, Passive, Line]
[pin_not_connected]: Pin not connected
    ; error
    @(12448 mils, 7283 mils): Symbol LED22 Pin 1 [K, Passive, Line]
[pin_not_connected]: Pin not connected
    ; error
    @(12448 mils, 7874 mils): Symbol LED30 Pin 1 [K, Passive, Line]
[pin_not_connected]: Pin not connected
    ; error
    @(12448 mils, 8465 mils): Symbol LED38 Pin 1 [K, Passive, Line]
[pin_not_connected]: Pin not connected
    ; error
    @(12448 mils, 9055 mils): Symbol LED46 Pin 1 [K, Passive, Line]
[label_dangling]: Label not connected
    ; error
    @(12598 mils, 5018 mils): Label 'C6'
[pin_not_connected]: Pin not connected
    ; error
    @(13315 mils, 3740 mils): Symbol R7 Pin 1 [Passive, Line]
[pin_not_connected]: Pin not connected
    ; error
    @(13315 mils, 6102 mils): Symbol LED7 Pin 1 [K, Passive, Line]
[pin_not_connected]: Pin not connected
    ; error
    @(13315 mils, 6693 mils): Symbol LED15 Pin 1 [K, Passive, Line]
[pin_not_connected]: Pin not connected
    ; error
    @(13315 mils, 7283 mils): Symbol LED23 Pin 1 [K, Passive, Line]
[pin_not_connected]: Pin not connected
    ; error
    @(13315 mils, 7874 mils): Symbol LED31 Pin 1 [K, Passive, Line]
[pin_not_connected]: Pin not connected
    ; error
    @(13315 mils, 8465 mils): Symbol LED39 Pin 1 [K, Passive, Line]
[pin_not_connected]: Pin not connected
    ; error
    @(13315 mils, 9055 mils): Symbol LED47 Pin 1 [K, Passive, Line]
[label_dangling]: Label not connected
    ; error
    @(13465 mils, 5018 mils): Label 'C7'
[pin_not_connected]: Pin not connected
    ; error
    @(14181 mils, 6102 mils): Symbol LED8 Pin 1 [K, Passive, Line]
[pin_not_connected]: Pin not connected
    ; error
    @(14181 mils, 6693 mils): Symbol LED16 Pin 1 [K, Passive, Line]
[pin_not_connected]: Pin not connected
    ; error
    @(14181 mils, 7283 mils): Symbol LED24 Pin 1 [K, Passive, Line]
[pin_not_connected]: Pin not connected
    ; error
    @(14181 mils, 7874 mils): Symbol LED32 Pin 1 [K, Passive, Line]
[pin_not_connected]: Pin not connected
    ; error
    @(14181 mils, 8465 mils): Symbol LED40 Pin 1 [K, Passive, Line]
[pin_not_connected]: Pin not connected
    ; error
    @(14181 mils, 9055 mils): Symbol LED48 Pin 1 [K, Passive, Line]
[label_dangling]: Label not connected
    ; error
    @(14331 mils, 5018 mils): Label 'C8'
[endpoint_off_grid]: Symbol pin or wire end off connection grid
    ; warning
    @(1375 mils, 2650 mils): Wire, length 3384 mils
[endpoint_off_grid]: Symbol pin or wire end off connection grid
    ; warning
    @(1375 mils, 2650 mils): Symbol J1 Pin 1 [Pin_1, Passive, Line]
[endpoint_off_grid]: Symbol pin or wire end off connection grid
    ; warning
    @(1375 mils, 2750 mils): Wire, length 3550 mils
[endpoint_off_grid]: Symbol pin or wire end off connection grid
    ; warning
    @(1375 mils, 2850 mils): Horizontal Wire, length 2262 mils
[endpoint_off_grid]: Symbol pin or wire end off connection grid
    ; warning
    @(1375 mils, 2950 mils): Horizontal Wire, length 2262 mils
[endpoint_off_grid]: Symbol pin or wire end off connection grid
    ; warning
    @(1375 mils, 3050 mils): Horizontal Wire, length 2262 mils
[endpoint_off_grid]: Symbol pin or wire end off connection grid
    ; warning
    @(1375 mils, 3150 mils): Wire, length 9922 mils
[endpoint_off_grid]: Symbol pin or wire end off connection grid
    ; warning
    @(1375 mils, 3250 mils): Wire, length 8853 mils
[endpoint_off_grid]: Symbol pin or wire end off connection grid
    ; warning
    @(1375 mils, 3350 mils): Wire, length 7789 mils
[endpoint_off_grid]: Symbol pin or wire end off connection grid
    ; warning
    @(1375 mils, 3450 mils): Wire, length 6731 mils
[endpoint_off_grid]: Symbol pin or wire end off connection grid
    ; warning
    @(1375 mils, 3550 mils): Wire, length 5682 mils
[endpoint_off_grid]: Symbol pin or wire end off connection grid
    ; warning
    @(1375 mils, 3650 mils): Wire, length 4650 mils
[endpoint_off_grid]: Symbol pin or wire end off connection grid
    ; warning
    @(1575 mils, 8661 mils): Symbol #PWR5 Pin 1 [Power input, Line]
[endpoint_off_grid]: Symbol pin or wire end off connection grid
    ; warning
    @(1575 mils, 9646 mils): Symbol #PWR6 Pin 1 [Power input, Line]
[endpoint_off_grid]: Symbol pin or wire end off connection grid
    ; warning
    @(1575 mils, 10630 mils): Symbol #PWR7 Pin 1 [Power input, Line]
[endpoint_off_grid]: Symbol pin or wire end off connection grid
    ; warning
    @(1575 mils, 11614 mils): Symbol #PWR8 Pin 1 [Power input, Line]
[endpoint_off_grid]: Symbol pin or wire end off connection grid
    ; warning
    @(1575 mils, 12598 mils): Symbol #PWR9 Pin 1 [Power input, Line]
[endpoint_off_grid]: Symbol pin or wire end off connection grid
    ; warning
    @(1575 mils, 13583 mils): Symbol #PWR10 Pin 1 [Power input, Line]
[unconnected_wire_endpoint]: Unconnected wire endpoint
    ; warning
    @(2953 mils, 7724 mils): Wire, length 999 mils
[unconnected_wire_endpoint]: Unconnected wire endpoint
    ; warning
    @(2953 mils, 8708 mils): Wire, length 999 mils
[unconnected_wire_endpoint]: Unconnected wire endpoint
    ; warning
    @(2953 mils, 9693 mils): Wire, length 999 mils
[unconnected_wire_endpoint]: Unconnected wire endpoint
    ; warning
    @(2953 mils, 10677 mils): Wire, length 999 mils
[unconnected_wire_endpoint]: Unconnected wire endpoint
    ; warning
    @(2953 mils, 11661 mils): Wire, length 999 mils
[unconnected_wire_endpoint]: Unconnected wire endpoint
    ; warning
    @(2953 mils, 12645 mils): Wire, length 999 mils
[lib_symbol_mismatch]: Symbol 'PN2222A' doesn't match copy in library 'Transistor_BJT'
    ; warning
    @(2165 mils, 7874 mils): Symbol Q1 [PN2222A]
[lib_symbol_mismatch]: Symbol 'PN2222A' doesn't match copy in library 'Transistor_BJT'
    ; warning
    @(2165 mils, 8858 mils): Symbol Q2 [PN2222A]
[lib_symbol_mismatch]: Symbol 'PN2222A' doesn't match copy in library 'Transistor_BJT'
    ; warning
    @(2165 mils, 9843 mils): Symbol Q3 [PN2222A]
[lib_symbol_mismatch]: Symbol 'PN2222A' doesn't match copy in library 'Transistor_BJT'
    ; warning
    @(2165 mils, 10827 mils): Symbol Q4 [PN2222A]
[lib_symbol_mismatch]: Symbol 'PN2222A' doesn't match copy in library 'Transistor_BJT'
    ; warning
    @(2165 mils, 11811 mils): Symbol Q5 [PN2222A]
[lib_symbol_mismatch]: Symbol 'PN2222A' doesn't match copy in library 'Transistor_BJT'
    ; warning
    @(2165 mils, 12795 mils): Symbol Q6 [PN2222A]
[endpoint_off_grid]: Symbol pin or wire end off connection grid
    ; warning
    @(2265 mils, 7674 mils): Horizontal Wire, length 1475 mils
[unconnected_wire_endpoint]: Unconnected wire endpoint
    ; warning
    @(2265 mils, 7674 mils): Horizontal Wire, length 1475 mils
[endpoint_off_grid]: Symbol pin or wire end off connection grid
    ; warning
    @(2265 mils, 8074 mils): Wire, length 907 mils
[unconnected_wire_endpoint]: Unconnected wire endpoint
    ; warning
    @(2265 mils, 8074 mils): Wire, length 907 mils
[endpoint_off_grid]: Symbol pin or wire end off connection grid
    ; warning
    @(2265 mils, 8658 mils): Horizontal Wire, length 1475 mils
[unconnected_wire_endpoint]: Unconnected wire endpoint
    ; warning
    @(2265 mils, 8658 mils): Horizontal Wire, length 1475 mils
[endpoint_off_grid]: Symbol pin or wire end off connection grid
    ; warning
    @(2265 mils, 9058 mils): Wire, length 907 mils
[unconnected_wire_endpoint]: Unconnected wire endpoint
    ; warning
    @(2265 mils, 9058 mils): Wire, length 907 mils
[endpoint_off_grid]: Symbol pin or wire end off connection grid
    ; warning
    @(2265 mils, 9643 mils): Horizontal Wire, length 1475 mils
[unconnected_wire_endpoint]: Unconnected wire endpoint
    ; warning
    @(2265 mils, 9643 mils): Horizontal Wire, length 1475 mils
[endpoint_off_grid]: Symbol pin or wire end off connection grid
    ; warning
    @(2265 mils, 10043 mils): Wire, length 907 mils
[unconnected_wire_endpoint]: Unconnected wire endpoint
    ; warning
    @(2265 mils, 10043 mils): Wire, length 907 mils
[endpoint_off_grid]: Symbol pin or wire end off connection grid
    ; warning
    @(2265 mils, 10627 mils): Horizontal Wire, length 1475 mils
[unconnected_wire_endpoint]: Unconnected wire endpoint
    ; warning
    @(2265 mils, 10627 mils): Horizontal Wire, length 1475 mils
[endpoint_off_grid]: Symbol pin or wire end off connection grid
    ; warning
    @(2265 mils, 11027 mils): Wire, length 907 mils
[unconnected_wire_endpoint]: Unconnected wire endpoint
    ; warning
    @(2265 mils, 11027 mils): Wire, length 907 mils
[endpoint_off_grid]: Symbol pin or wire end off connection grid
    ; warning
    @(2265 mils, 11611 mils): Horizontal Wire, length 1475 mils
[unconnected_wire_endpoint]: Unconnected wire endpoint
    ; warning
    @(2265 mils, 11611 mils): Horizontal Wire, length 1475 mils
[endpoint_off_grid]: Symbol pin or wire end off connection grid
    ; warning
    @(2265 mils, 12011 mils): Wire, length 907 mils
[unconnected_wire_endpoint]: Unconnected wire endpoint
    ; warning
    @(2265 mils, 12011 mils): Wire, length 907 mils
[endpoint_off_grid]: Symbol pin or wire end off connection grid
    ; warning
    @(2265 mils, 12595 mils): Horizontal Wire, length 1475 mils
[unconnected_wire_endpoint]: Unconnected wire endpoint
    ; warning
    @(2265 mils, 12595 mils): Horizontal Wire, length 1475 mils
[endpoint_off_grid]: Symbol pin or wire end off connection grid
    ; warning
    @(2265 mils, 12995 mils): Wire, length 907 mils
[unconnected_wire_endpoint]: Unconnected wire endpoint
    ; warning
    @(2265 mils, 12995 mils): Wire, length 907 mils
[endpoint_off_grid]: Symbol pin or wire end off connection grid
    ; warning
    @(2953 mils, 7724 mils): Wire, length 999 mils
[endpoint_off_grid]: Symbol pin or wire end off connection grid
    ; warning
    @(2953 mils, 7724 mils): Symbol R9 Pin 1 [Passive, Line]
[endpoint_off_grid]: Symbol pin or wire end off connection grid
    ; warning
    @(2953 mils, 8708 mils): Wire, length 999 mils
[endpoint_off_grid]: Symbol pin or wire end off connection grid
    ; warning
    @(2953 mils, 8708 mils): Symbol R10 Pin 1 [Passive, Line]
[endpoint_off_grid]: Symbol pin or wire end off connection grid
    ; warning
    @(2953 mils, 9693 mils): Symbol R11 Pin 1 [Passive, Line]
[endpoint_off_grid]: Symbol pin or wire end off connection grid
    ; warning
    @(2953 mils, 9693 mils): Wire, length 999 mils
[endpoint_off_grid]: Symbol pin or wire end off connection grid
    ; warning
    @(2953 mils, 10677 mils): Symbol R12 Pin 1 [Passive, Line]
[endpoint_off_grid]: Symbol pin or wire end off connection grid
    ; warning
    @(2953 mils, 10677 mils): Wire, length 999 mils
[endpoint_off_grid]: Symbol pin or wire end off connection grid
    ; warning
    @(2953 mils, 11661 mils): Wire, length 999 mils
[endpoint_off_grid]: Symbol pin or wire end off connection grid
    ; warning
    @(2953 mils, 11661 mils): Symbol R13 Pin 1 [Passive, Line]
[endpoint_off_grid]: Symbol pin or wire end off connection grid
    ; warning
    @(2953 mils, 12645 mils): Symbol R14 Pin 1 [Passive, Line]
[endpoint_off_grid]: Symbol pin or wire end off connection grid
    ; warning
    @(2953 mils, 12645 mils): Wire, length 999 mils
[label_multiple_wires]: Label connects more than one wire at 923800, 561900
    ; warning
    @(3637 mils, 2212 mils): Label 'LATCH'
    @(1375 mils, 2750 mils): Wire, length 3550 mils
[endpoint_off_grid]: Symbol pin or wire end off connection grid
    ; warning
    @(3637 mils, 2262 mils): Vertical Wire, length 787 mils
[endpoint_off_grid]: Symbol pin or wire end off connection grid
    ; warning
    @(3637 mils, 2262 mils): Horizontal Wire, length 2262 mils
[label_multiple_wires]: Label connects more than one wire at 923800, 638100
    ; warning
    @(3637 mils, 2512 mils): Label 'CLK'
    @(1375 mils, 2750 mils): Wire, length 3550 mils
[endpoint_off_grid]: Symbol pin or wire end off connection grid
    ; warning
    @(3637 mils, 2562 mils): Horizontal Wire, length 2262 mils
[unconnected_wire_endpoint]: Unconnected wire endpoint
    ; warning
    @(3637 mils, 2562 mils): Horizontal Wire, length 2262 mils
[label_multiple_wires]: Label connects more than one wire at 923800, 688900
    ; warning
    @(3637 mils, 2712 mils): Label 'DATA'
    @(1375 mils, 2750 mils): Wire, length 3550 mils
[multiple_net_names]: Both CLK and DATA are attached to the same items; CLK will be used in the netlist
    ; warning
    @(3637 mils, 2512 mils): Label 'CLK'
    @(3637 mils, 2712 mils): Label 'DATA'
[endpoint_off_grid]: Symbol pin or wire end off connection grid
    ; warning
    @(3637 mils, 2762 mils): Horizontal Wire, length 2262 mils
[unconnected_wire_endpoint]: Unconnected wire endpoint
    ; warning
    @(3637 mils, 2762 mils): Horizontal Wire, length 2262 mils
[unconnected_wire_endpoint]: Unconnected wire endpoint
    ; warning
    @(1375 mils, 2850 mils): Horizontal Wire, length 2262 mils
[unconnected_wire_endpoint]: Unconnected wire endpoint
    ; warning
    @(1375 mils, 2950 mils): Horizontal Wire, length 2262 mils
[endpoint_off_grid]: Symbol pin or wire end off connection grid
    ; warning
    @(3740 mils, 6102 mils): Horizontal Wire, length 10441 mils
[endpoint_off_grid]: Symbol pin or wire end off connection grid
    ; warning
    @(3740 mils, 6102 mils): Vertical Wire, length 6493 mils
[endpoint_off_grid]: Symbol pin or wire end off connection grid
    ; warning
    @(3740 mils, 6693 mils): Horizontal Wire, length 10441 mils
[unconnected_wire_endpoint]: Unconnected wire endpoint
    ; warning
    @(3740 mils, 6693 mils): Horizontal Wire, length 10441 mils
[endpoint_off_grid]: Symbol pin or wire end off connection grid
    ; warning
    @(3740 mils, 7283 mils): Horizontal Wire, length 10441 mils
[unconnected_wire_endpoint]: Unconnected wire endpoint
    ; warning
    @(3740 mils, 7283 mils): Horizontal Wire, length 10441 mils
[unconnected_wire_endpoint]: Unconnected wire endpoint
    ; warning
    @(2265 mils, 7674 mils): Horizontal Wire, length 1475 mils
[endpoint_off_grid]: Symbol pin or wire end off connection grid
    ; warning
    @(3740 mils, 7874 mils): Horizontal Wire, length 10441 mils
[unconnected_wire_endpoint]: Unconnected wire endpoint
    ; warning
    @(3740 mils, 7874 mils): Horizontal Wire, length 10441 mils
[endpoint_off_grid]: Symbol pin or wire end off connection grid
    ; warning
    @(3740 mils, 8465 mils): Horizontal Wire, length 10441 mils
[unconnected_wire_endpoint]: Unconnected wire endpoint
    ; warning
    @(3740 mils, 8465 mils): Horizontal Wire, length 10441 mils
[unconnected_wire_endpoint]: Unconnected wire endpoint
    ; warning
    @(2265 mils, 8658 mils): Horizontal Wire, length 1475 mils
[endpoint_off_grid]: Symbol pin or wire end off connection grid
    ; warning
    @(3740 mils, 9055 mils): Horizontal Wire, length 10441 mils
[unconnected_wire_endpoint]: Unconnected wire endpoint
    ; warning
    @(3740 mils, 9055 mils): Horizontal Wire, length 10441 mils
[unconnected_wire_endpoint]: Unconnected wire endpoint
    ; warning
    @(2265 mils, 9643 mils): Horizontal Wire, length 1475 mils
[unconnected_wire_endpoint]: Unconnected wire endpoint
    ; warning
    @(2265 mils, 10627 mils): Horizontal Wire, length 1475 mils
[unconnected_wire_endpoint]: Unconnected wire endpoint
    ; warning
    @(2265 mils, 11611 mils): Horizontal Wire, length 1475 mils
[endpoint_off_grid]: Symbol pin or wire end off connection grid
    ; warning
    @(4724 mils, 1575 mils): Symbol #PWR01 Pin 1 [Power input, Line]
[endpoint_off_grid]: Symbol pin or wire end off connection grid
    ; warning
    @(4724 mils, 2165 mils): Symbol #PWR02 Pin 1 [Power input, Line]
[endpoint_off_grid]: Symbol pin or wire end off connection grid
    ; warning
    @(4921 mils, 2677 mils): Symbol #PWR03 Pin 1 [Power input, Line]
[endpoint_off_grid]: Symbol pin or wire end off connection grid
    ; warning
    @(4921 mils, 3071 mils): Symbol #PWR04 Pin 1 [Power input, Line]
[endpoint_off_grid]: Symbol pin or wire end off connection grid
    ; warning
    @(5899 mils, 2162 mils): Wire, length 1335 mils
[endpoint_off_grid]: Symbol pin or wire end off connection grid
    ; warning
    @(5899 mils, 2462 mils): Wire, length 1001 mils
[unconnected_wire_endpoint]: Unconnected wire endpoint
    ; warning
    @(3637 mils, 2762 mils): Horizontal Wire, length 2262 mils
[endpoint_off_grid]: Symbol pin or wire end off connection grid
    ; warning
    @(6299 mils, 1662 mils): Wire, length 1653 mils
[unconnected_wire_endpoint]: Unconnected wire endpoint
    ; warning
    @(6299 mils, 1662 mils): Wire, length 1653 mils
[endpoint_off_grid]: Symbol pin or wire end off connection grid
    ; warning
    @(6299 mils, 2962 mils): Wire, length 2099 mils
[unconnected_wire_endpoint]: Unconnected wire endpoint
    ; warning
    @(6299 mils, 2962 mils): Wire, length 2099 mils
[no_connect_dangling]: Unconnected "no connection" flag
    ; warning
    @(6599 mils, 1862 mils): No Connect
[endpoint_off_grid]: Symbol pin or wire end off connection grid
    ; warning
    @(6699 mils, 2062 mils): Symbol U1 Pin 1 [QB, Tri-state, Line]
[endpoint_off_grid]: Symbol pin or wire end off connection grid
    ; warning
    @(6699 mils, 2062 mils): Vertical Wire, length 1678 mils
[endpoint_off_grid]: Symbol pin or wire end off connection grid
    ; warning
    @(6699 mils, 3740 mils): Horizontal Wire, length 7481 mils
[endpoint_off_grid]: Symbol pin or wire end off connection grid
    ; warning
    @(8118 mils, 3740 mils): Symbol R1 Pin 1 [Passive, Line]
[endpoint_off_grid]: Symbol pin or wire end off connection grid
    ; warning
    @(8118 mils, 6102 mils): Symbol LED1 Pin 1 [K, Passive, Line]
[endpoint_off_grid]: Symbol pin or wire end off connection grid
    ; warning
    @(8118 mils, 6693 mils): Symbol LED9 Pin 1 [K, Passive, Line]
[endpoint_off_grid]: Symbol pin or wire end off connection grid
    ; warning
    @(8118 mils, 7283 mils): Symbol LED17 Pin 1 [K, Passive, Line]
[endpoint_off_grid]: Symbol pin or wire end off connection grid
    ; warning
    @(8118 mils, 7874 mils): Symbol LED25 Pin 1 [K, Passive, Line]
[endpoint_off_grid]: Symbol pin or wire end off connection grid
    ; warning
    @(8118 mils, 8465 mils): Symbol LED33 Pin 1 [K, Passive, Line]
[endpoint_off_grid]: Symbol pin or wire end off connection grid
    ; warning
    @(8118 mils, 9055 mils): Symbol LED41 Pin 1 [K, Passive, Line]
[endpoint_off_grid]: Symbol pin or wire end off connection grid
    ; warning
    @(8418 mils, 3740 mils): Wire, length 1386 mils
[endpoint_off_grid]: Symbol pin or wire end off connection grid
    ; warning
    @(8418 mils, 6102 mils): Wire, length 996 mils
[endpoint_off_grid]: Symbol pin or wire end off connection grid
    ; warning
    @(8418 mils, 6693 mils): Wire, length 1582 mils
[endpoint_off_grid]: Symbol pin or wire end off connection grid
    ; warning
    @(8418 mils, 7283 mils): Wire, length 2171 mils
[endpoint_off_grid]: Symbol pin or wire end off connection grid
    ; warning
    @(8418 mils, 7874 mils): Wire, length 2760 mils
[endpoint_off_grid]: Symbol pin or wire end off connection grid
    ; warning
    @(8418 mils, 8465 mils): Wire, length 3350 mils
[endpoint_off_grid]: Symbol pin or wire end off connection grid
    ; warning
    @(8418 mils, 9055 mils): Wire, length 3940 mils
[endpoint_off_grid]: Symbol pin or wire end off connection grid
    ; warning
    @(8984 mils, 3740 mils): Symbol R2 Pin 1 [Passive, Line]
[endpoint_off_grid]: Symbol pin or wire end off connection grid
    ; warning
    @(8984 mils, 6102 mils): Symbol LED2 Pin 1 [K, Passive, Line]
[endpoint_off_grid]: Symbol pin or wire end off connection grid
    ; warning
    @(8984 mils, 6693 mils): Symbol LED10 Pin 1 [K, Passive, Line]
[endpoint_off_grid]: Symbol pin or wire end off connection grid
    ; warning
    @(8984 mils, 7283 mils): Symbol LED18 Pin 1 [K, Passive, Line]
[endpoint_off_grid]: Symbol pin or wire end off connection grid
    ; warning
    @(8984 mils, 7874 mils): Symbol LED26 Pin 1 [K, Passive, Line]
[endpoint_off_grid]: Symbol pin or wire end off connection grid
    ; warning
    @(8984 mils, 8465 mils): Symbol LED34 Pin 1 [K, Passive, Line]
[endpoint_off_grid]: Symbol pin or wire end off connection grid
    ; warning
    @(8984 mils, 9055 mils): Symbol LED42 Pin 1 [K, Passive, Line]
[endpoint_off_grid]: Symbol pin or wire end off connection grid
    ; warning
    @(9284 mils, 3740 mils): Wire, length 1386 mils
[endpoint_off_grid]: Symbol pin or wire end off connection grid
    ; warning
    @(9284 mils, 6102 mils): Wire, length 996 mils
[endpoint_off_grid]: Symbol pin or wire end off connection grid
    ; warning
    @(9284 mils, 6693 mils): Wire, length 1582 mils
[endpoint_off_grid]: Symbol pin or wire end off connection grid
    ; warning
    @(9284 mils, 7283 mils): Wire, length 2171 mils
[endpoint_off_grid]: Symbol pin or wire end off connection grid
    ; warning
    @(9284 mils, 7874 mils): Wire, length 2760 mils
[endpoint_off_grid]: Symbol pin or wire end off connection grid
    ; warning
    @(9284 mils, 8465 mils): Wire, length 3350 mils
[endpoint_off_grid]: Symbol pin or wire end off connection grid
    ; warning
    @(9284 mils, 9055 mils): Wire, length 3940 mils
[endpoint_off_grid]: Symbol pin or wire end off connection grid
    ; warning
    @(9850 mils, 3740 mils): Symbol R3 Pin 1 [Passive, Line]
[endpoint_off_grid]: Symbol pin or wire end off connection grid
    ; warning
    @(9850 mils, 6102 mils): Symbol LED3 Pin 1 [K, Passive, Line]
[endpoint_off_grid]: Symbol pin or wire end off connection grid
    ; warning
    @(9850 mils, 6693 mils): Symbol LED11 Pin 1 [K, Passive, Line]
[endpoint_off_grid]: Symbol pin or wire end off connection grid
    ; warning
    @(9850 mils, 7283 mils): Symbol LED19 Pin 1 [K, Passive, Line]
[endpoint_off_grid]: Symbol pin or wire end off connection grid
    ; warning
    @(9850 mils, 7874 mils): Symbol LED27 Pin 1 [K, Passive, Line]
[endpoint_off_grid]: Symbol pin or wire end off connection grid
    ; warning
    @(9850 mils, 8465 mils): Symbol LED35 Pin 1 [K, Passive, Line]
[endpoint_off_grid]: Symbol pin or wire end off connection grid
    ; warning
    @(9850 mils, 9055 mils): Symbol LED43 Pin 1 [K, Passive, Line]
[endpoint_off_grid]: Symbol pin or wire end off connection grid
    ; warning
    @(10150 mils, 3740 mils): Wire, length 1386 mils
[endpoint_off_grid]: Symbol pin or wire end off connection grid
    ; warning
    @(10150 mils, 6102 mils): Wire, length 996 mils
[endpoint_off_grid]: Symbol pin or wire end off connection grid
    ; warning
    @(10150 mils, 6693 mils): Wire, length 1582 mils
[endpoint_off_grid]: Symbol pin or wire end off connection grid
    ; warning
    @(10150 mils, 7283 mils): Wire, length 2171 mils
[endpoint_off_grid]: Symbol pin or wire end off connection grid
    ; warning
    @(10150 mils, 7874 mils): Wire, length 2760 mils
[endpoint_off_grid]: Symbol pin or wire end off connection grid
    ; warning
    @(10150 mils, 8465 mils): Wire, length 3350 mils
[endpoint_off_grid]: Symbol pin or wire end off connection grid
    ; warning
    @(10150 mils, 9055 mils): Wire, length 3940 mils
[endpoint_off_grid]: Symbol pin or wire end off connection grid
    ; warning
    @(10716 mils, 3740 mils): Symbol R4 Pin 1 [Passive, Line]
[endpoint_off_grid]: Symbol pin or wire end off connection grid
    ; warning
    @(10716 mils, 6102 mils): Symbol LED4 Pin 1 [K, Passive, Line]
[endpoint_off_grid]: Symbol pin or wire end off connection grid
    ; warning
    @(10716 mils, 6693 mils): Symbol LED12 Pin 1 [K, Passive, Line]
[endpoint_off_grid]: Symbol pin or wire end off connection grid
    ; warning
    @(10716 mils, 7283 mils): Symbol LED20 Pin 1 [K, Passive, Line]
[endpoint_off_grid]: Symbol pin or wire end off connection grid
    ; warning
    @(10716 mils, 7874 mils): Symbol LED28 Pin 1 [K, Passive, Line]
[endpoint_off_grid]: Symbol pin or wire end off connection grid
    ; warning
    @(10716 mils, 8465 mils): Symbol LED36 Pin 1 [K, Passive, Line]
[endpoint_off_grid]: Symbol pin or wire end off connection grid
    ; warning
    @(10716 mils, 9055 mils): Symbol LED44 Pin 1 [K, Passive, Line]
[endpoint_off_grid]: Symbol pin or wire end off connection grid
    ; warning
    @(11016 mils, 3740 mils): Wire, length 1386 mils
[endpoint_off_grid]: Symbol pin or wire end off connection grid
    ; warning
    @(11016 mils, 6102 mils): Wire, length 996 mils
[endpoint_off_grid]: Symbol pin or wire end off connection grid
    ; warning
    @(11016 mils, 6693 mils): Wire, length 1582 mils
[endpoint_off_grid]: Symbol pin or wire end off connection grid
    ; warning
    @(11016 mils, 7283 mils): Wire, length 2171 mils
[endpoint_off_grid]: Symbol pin or wire end off connection grid
    ; warning
    @(11016 mils, 7874 mils): Wire, length 2760 mils
[endpoint_off_grid]: Symbol pin or wire end off connection grid
    ; warning
    @(11016 mils, 8465 mils): Wire, length 3350 mils
[endpoint_off_grid]: Symbol pin or wire end off connection grid
    ; warning
    @(11016 mils, 9055 mils): Wire, length 3940 mils
[endpoint_off_grid]: Symbol pin or wire end off connection grid
    ; warning
    @(11582 mils, 3740 mils): Symbol R5 Pin 1 [Passive, Line]
[endpoint_off_grid]: Symbol pin or wire end off connection grid
    ; warning
    @(11582 mils, 6102 mils): Symbol LED5 Pin 1 [K, Passive, Line]
[endpoint_off_grid]: Symbol pin or wire end off connection grid
    ; warning
    @(11582 mils, 6693 mils): Symbol LED13 Pin 1 [K, Passive, Line]
[endpoint_off_grid]: Symbol pin or wire end off connection grid
    ; warning
    @(11582 mils, 7283 mils): Symbol LED21 Pin 1 [K, Passive, Line]
[endpoint_off_grid]: Symbol pin or wire end off connection grid
    ; warning
    @(11582 mils, 7874 mils): Symbol LED29 Pin 1 [K, Passive, Line]
[endpoint_off_grid]: Symbol pin or wire end off connection grid
    ; warning
    @(11582 mils, 8465 mils): Symbol LED37 Pin 1 [K, Passive, Line]
[endpoint_off_grid]: Symbol pin or wire end off connection grid
    ; warning
    @(11582 mils, 9055 mils): Symbol LED45 Pin 1 [K, Passive, Line]
[endpoint_off_grid]: Symbol pin or wire end off connection grid
    ; warning
    @(11882 mils, 3740 mils): Wire, length 1386 mils
[endpoint_off_grid]: Symbol pin or wire end off connection grid
    ; warning
    @(11882 mils, 6102 mils): Wire, length 996 mils
[endpoint_off_grid]: Symbol pin or wire end off connection grid
    ; warning
    @(11882 mils, 6693 mils): Wire, length 1582 mils
[endpoint_off_grid]: Symbol pin or wire end off connection grid
    ; warning
    @(11882 mils, 7283 mils): Wire, length 2171 mils
[endpoint_off_grid]: Symbol pin or wire end off connection grid
    ; warning
    @(11882 mils, 7874 mils): Wire, length 2760 mils
[endpoint_off_grid]: Symbol pin or wire end off connection grid
    ; warning
    @(11882 mils, 8465 mils): Wire, length 3350 mils
[endpoint_off_grid]: Symbol pin or wire end off connection grid
    ; warning
    @(11882 mils, 9055 mils): Wire, length 3940 mils
[endpoint_off_grid]: Symbol pin or wire end off connection grid
    ; warning
    @(12448 mils, 3740 mils): Symbol R6 Pin 1 [Passive, Line]
[endpoint_off_grid]: Symbol pin or wire end off connection grid
    ; warning
    @(12448 mils, 6102 mils): Symbol LED6 Pin 1 [K, Passive, Line]
[endpoint_off_grid]: Symbol pin or wire end off connection grid
    ; warning
    @(12448 mils, 6693 mils): Symbol LED14 Pin 1 [K, Passive, Line]
[endpoint_off_grid]: Symbol pin or wire end off connection grid
    ; warning
    @(12448 mils, 7283 mils): Symbol LED22 Pin 1 [K, Passive, Line]
[endpoint_off_grid]: Symbol pin or wire end off connection grid
    ; warning
    @(12448 mils, 7874 mils): Symbol LED30 Pin 1 [K, Passive, Line]
[endpoint_off_grid]: Symbol pin or wire end off connection grid
    ; warning
    @(12448 mils, 8465 mils): Symbol LED38 Pin 1 [K, Passive, Line]
[endpoint_off_grid]: Symbol pin or wire end off connection grid
    ; warning
    @(12448 mils, 9055 mils): Symbol LED46 Pin 1 [K, Passive, Line]
[endpoint_off_grid]: Symbol pin or wire end off connection grid
    ; warning
    @(12748 mils, 3740 mils): Wire, length 1386 mils
[endpoint_off_grid]: Symbol pin or wire end off connection grid
    ; warning
    @(12748 mils, 6102 mils): Wire, length 996 mils
[endpoint_off_grid]: Symbol pin or wire end off connection grid
    ; warning
    @(12748 mils, 6693 mils): Wire, length 1582 mils
[endpoint_off_grid]: Symbol pin or wire end off connection grid
    ; warning
    @(12748 mils, 7283 mils): Wire, length 2171 mils
[endpoint_off_grid]: Symbol pin or wire end off connection grid
    ; warning
    @(12748 mils, 7874 mils): Wire, length 2760 mils
[endpoint_off_grid]: Symbol pin or wire end off connection grid
    ; warning
    @(12748 mils, 8465 mils): Wire, length 3350 mils
[endpoint_off_grid]: Symbol pin or wire end off connection grid
    ; warning
    @(12748 mils, 9055 mils): Wire, length 3940 mils
[endpoint_off_grid]: Symbol pin or wire end off connection grid
    ; warning
    @(13315 mils, 3740 mils): Symbol R7 Pin 1 [Passive, Line]
[endpoint_off_grid]: Symbol pin or wire end off connection grid
    ; warning
    @(13315 mils, 6102 mils): Symbol LED7 Pin 1 [K, Passive, Line]
[endpoint_off_grid]: Symbol pin or wire end off connection grid
    ; warning
    @(13315 mils, 6693 mils): Symbol LED15 Pin 1 [K, Passive, Line]
[endpoint_off_grid]: Symbol pin or wire end off connection grid
    ; warning
    @(13315 mils, 7283 mils): Symbol LED23 Pin 1 [K, Passive, Line]
[endpoint_off_grid]: Symbol pin or wire end off connection grid
    ; warning
    @(13315 mils, 7874 mils): Symbol LED31 Pin 1 [K, Passive, Line]
[endpoint_off_grid]: Symbol pin or wire end off connection grid
    ; warning
    @(13315 mils, 8465 mils): Symbol LED39 Pin 1 [K, Passive, Line]
[endpoint_off_grid]: Symbol pin or wire end off connection grid
    ; warning
    @(13315 mils, 9055 mils): Symbol LED47 Pin 1 [K, Passive, Line]
[endpoint_off_grid]: Symbol pin or wire end off connection grid
    ; warning
    @(13615 mils, 3740 mils): Wire, length 1386 mils
[endpoint_off_grid]: Symbol pin or wire end off connection grid
    ; warning
    @(13615 mils, 6102 mils): Wire, length 996 mils
[endpoint_off_grid]: Symbol pin or wire end off connection grid
    ; warning
    @(13615 mils, 6693 mils): Wire, length 1582 mils
[endpoint_off_grid]: Symbol pin or wire end off connection grid
    ; warning
    @(13615 mils, 7283 mils): Wire, length 2171 mils
[endpoint_off_grid]: Symbol pin or wire end off connection grid
    ; warning
    @(13615 mils, 7874 mils): Wire, length 2760 mils
[endpoint_off_grid]: Symbol pin or wire end off connection grid
    ; warning
    @(13615 mils, 8465 mils): Wire, length 3350 mils
[endpoint_off_grid]: Symbol pin or wire end off connection grid
    ; warning
    @(13615 mils, 9055 mils): Wire, length 3940 mils
[endpoint_off_grid]: Symbol pin or wire end off connection grid
    ; warning
    @(14181 mils, 3740 mils): Horizontal Wire, length 300 mils
[endpoint_off_grid]: Symbol pin or wire end off connection grid
    ; warning
    @(14181 mils, 3740 mils): Symbol R8 Pin 1 [Passive, Line]
[endpoint_off_grid]: Symbol pin or wire end off connection grid
    ; warning
    @(14181 mils, 6102 mils): Symbol LED8 Pin 1 [K, Passive, Line]
[endpoint_off_grid]: Symbol pin or wire end off connection grid
    ; warning
    @(14181 mils, 6693 mils): Symbol LED16 Pin 1 [K, Passive, Line]
[endpoint_off_grid]: Symbol pin or wire end off connection grid
    ; warning
    @(14181 mils, 7283 mils): Symbol LED24 Pin 1 [K, Passive, Line]
[endpoint_off_grid]: Symbol pin or wire end off connection grid
    ; warning
    @(14181 mils, 7874 mils): Symbol LED32 Pin 1 [K, Passive, Line]
[endpoint_off_grid]: Symbol pin or wire end off connection grid
    ; warning
    @(14181 mils, 8465 mils): Symbol LED40 Pin 1 [K, Passive, Line]
[endpoint_off_grid]: Symbol pin or wire end off connection grid
    ; warning
    @(14181 mils, 9055 mils): Symbol LED48 Pin 1 [K, Passive, Line]
[endpoint_off_grid]: Symbol pin or wire end off connection grid
    ; warning
    @(14481 mils, 3740 mils): Wire, length 1386 mils
[endpoint_off_grid]: Symbol pin or wire end off connection grid
    ; warning
    @(14481 mils, 6102 mils): Wire, length 996 mils
[endpoint_off_grid]: Symbol pin or wire end off connection grid
    ; warning
    @(14481 mils, 6693 mils): Wire, length 1582 mils
[endpoint_off_grid]: Symbol pin or wire end off connection grid
    ; warning
    @(14481 mils, 7283 mils): Wire, length 2171 mils
[endpoint_off_grid]: Symbol pin or wire end off connection grid
    ; warning
    @(14481 mils, 7874 mils): Wire, length 2760 mils
[endpoint_off_grid]: Symbol pin or wire end off connection grid
    ; warning
    @(14481 mils, 8465 mils): Wire, length 3350 mils
[endpoint_off_grid]: Symbol pin or wire end off connection grid
    ; warning
    @(14481 mils, 9055 mils): Wire, length 3940 mils

 ** ERC messages: 325  Errors 102  Warnings 223

 ** Ignored checks:
    - Global label only appears once in the schematic
    - Four connection points are joined together
    - SPICE model issue
    - Assigned footprint doesn't match footprint filters
